
> frontend@0.0.0 build
> tsc -b && vite build

[36mvite v7.3.1 [32mbuilding client environment for production...[36m[39m
transforming...
[32mÔ£ô[39m 4 modules transformed.
Ô£ù Build failed in 323ms
error during build:
[vite-plugin-pwa:build] [plugin vite-plugin-pwa:build] src/index.css (undefined:NaN): There was an error during the build:
  [postcss] It looks like you're trying to use `tailwindcss` directly as a PostCSS plugin. The PostCSS plugin has moved to a separate package, so to continue using Tailwind CSS with PostCSS you'll need to install `@tailwindcss/postcss` and update your PostCSS configuration.
Additionally, handling the error in the 'buildEnd' hook caused the following error:
  [postcss] It looks like you're trying to use `tailwindcss` directly as a PostCSS plugin. The PostCSS plugin has moved to a separate package, so to continue using Tailwind CSS with PostCSS you'll need to install `@tailwindcss/postcss` and update your PostCSS configuration.
file: C:/Users/berni/.gemini/antigravity/scratch/DivorceDoc/frontend/src/index.css:undefined:NaN
    at getRollupError (file:///C:/Users/berni/.gemini/antigravity/scratch/DivorceDoc/frontend/node_modules/rollup/dist/es/shared/parseAst.js:402:41)
    at file:///C:/Users/berni/.gemini/antigravity/scratch/DivorceDoc/frontend/node_modules/rollup/dist/es/shared/node-entry.js:23444:39
    at async catchUnfinishedHookActions (file:///C:/Users/berni/.gemini/antigravity/scratch/DivorceDoc/frontend/node_modules/rollup/dist/es/shared/node-entry.js:22902:16)
    at async rollupInternal (file:///C:/Users/berni/.gemini/antigravity/scratch/DivorceDoc/frontend/node_modules/rollup/dist/es/shared/node-entry.js:23427:5)
    at async buildEnvironment (file:///C:/Users/berni/.gemini/antigravity/scratch/DivorceDoc/frontend/node_modules/vite/dist/node/chunks/config.js:33541:12)
    at async Object.build (file:///C:/Users/berni/.gemini/antigravity/scratch/DivorceDoc/frontend/node_modules/vite/dist/node/chunks/config.js:33900:19)
    at async Object.buildApp (file:///C:/Users/berni/.gemini/antigravity/scratch/DivorceDoc/frontend/node_modules/vite/dist/node/chunks/config.js:33897:153)
    at async CAC.<anonymous> (file:///C:/Users/berni/.gemini/antigravity/scratch/DivorceDoc/frontend/node_modules/vite/dist/node/cli.js:629:3)
